// Vitest Snapshot v1, https://vitest.dev/guide/snapshot.html

exports[`N10 Senior Livability calculator > 16 zonas CDMX — snapshot 1`] = `
{
  "Clavería": {
    "confidence": "high",
    "diversity": 79.61,
    "edu": 40,
    "health": 97,
    "transit": 30,
    "value": 63,
  },
  "Contreras Centro": {
    "confidence": "high",
    "diversity": 78.32,
    "edu": 20,
    "health": 67,
    "transit": 0,
    "value": 43,
  },
  "Coyoacán Centro": {
    "confidence": "high",
    "diversity": 82.35,
    "edu": 60,
    "health": 100,
    "transit": 36,
    "value": 70,
  },
  "Cuajimalpa Centro": {
    "confidence": "high",
    "diversity": 80.08,
    "edu": 20,
    "health": 70,
    "transit": 0,
    "value": 45,
  },
  "Del Valle": {
    "confidence": "high",
    "diversity": 82.58,
    "edu": 60,
    "health": 100,
    "transit": 84,
    "value": 84,
  },
  "Iztacalco Centro": {
    "confidence": "high",
    "diversity": 75.44,
    "edu": 20,
    "health": 88,
    "transit": 15,
    "value": 52,
  },
  "Iztapalapa Sur": {
    "confidence": "medium",
    "diversity": 70.27,
    "edu": 20,
    "health": 55,
    "transit": 0,
    "value": 38,
  },
  "Lindavista": {
    "confidence": "high",
    "diversity": 80.52,
    "edu": 40,
    "health": 100,
    "transit": 30,
    "value": 64,
  },
  "Milpa Alta Centro": {
    "confidence": "medium",
    "diversity": 71.72,
    "edu": 20,
    "health": 0,
    "transit": 0,
    "value": 25,
  },
  "Polanco": {
    "confidence": "high",
    "diversity": 86.68,
    "edu": 40,
    "health": 100,
    "transit": 100,
    "value": 87,
  },
  "Roma Norte": {
    "confidence": "high",
    "diversity": 83.19,
    "edu": 60,
    "health": 100,
    "transit": 100,
    "value": 89,
  },
  "San Ángel": {
    "confidence": "high",
    "diversity": 83.84,
    "edu": 40,
    "health": 100,
    "transit": 57,
    "value": 73,
  },
  "Tepito": {
    "confidence": "medium",
    "diversity": 55.82,
    "edu": 20,
    "health": 100,
    "transit": 63,
    "value": 64,
  },
  "Tlalpan Centro": {
    "confidence": "high",
    "diversity": 78,
    "edu": 40,
    "health": 99,
    "transit": 15,
    "value": 59,
  },
  "Tláhuac Centro": {
    "confidence": "high",
    "diversity": 73.64,
    "edu": 20,
    "health": 77,
    "transit": 0,
    "value": 44,
  },
  "Xochimilco Centro": {
    "confidence": "high",
    "diversity": 74.57,
    "edu": 20,
    "health": 73,
    "transit": 0,
    "value": 44,
  },
}
`;
